###############################################################################
#
# IAR ELF Linker V7.70.2.11706/W32 for ARM                22/Sep/2021  15:48:06
# Copyright 2007-2016 IAR Systems AB.
#
#    Output file  =  
#        D:\linfuliang_work\pro\NS3601\SVN_tmp\SDK_Make\N32G45x\projects\n32g45x_EVAL\examples\USART\IrDA_Tx&Rx\Transmit_Receive\EWARM\N32G45x\Exe\IrDA_Transmit_Receive.out
#    Map file     =  
#        D:\linfuliang_work\pro\NS3601\SVN_tmp\SDK_Make\N32G45x\projects\n32g45x_EVAL\examples\USART\IrDA_Tx&Rx\Transmit_Receive\EWARM\N32G45x\List\IrDA_Transmit_Receive.map
#    Command line =  
#        D:\linfuliang_work\pro\NS3601\SVN_tmp\SDK_Make\N32G45x\projects\n32g45x_EVAL\examples\USART\IrDA_Tx&Rx\Transmit_Receive\EWARM\N32G45x\Obj\bsp_Tim_38K.o
#        D:\linfuliang_work\pro\NS3601\SVN_tmp\SDK_Make\N32G45x\projects\n32g45x_EVAL\examples\USART\IrDA_Tx&Rx\Transmit_Receive\EWARM\N32G45x\Obj\main.o
#        D:\linfuliang_work\pro\NS3601\SVN_tmp\SDK_Make\N32G45x\projects\n32g45x_EVAL\examples\USART\IrDA_Tx&Rx\Transmit_Receive\EWARM\N32G45x\Obj\misc.o
#        D:\linfuliang_work\pro\NS3601\SVN_tmp\SDK_Make\N32G45x\projects\n32g45x_EVAL\examples\USART\IrDA_Tx&Rx\Transmit_Receive\EWARM\N32G45x\Obj\n32g45x_gpio.o
#        D:\linfuliang_work\pro\NS3601\SVN_tmp\SDK_Make\N32G45x\projects\n32g45x_EVAL\examples\USART\IrDA_Tx&Rx\Transmit_Receive\EWARM\N32G45x\Obj\n32g45x_it.o
#        D:\linfuliang_work\pro\NS3601\SVN_tmp\SDK_Make\N32G45x\projects\n32g45x_EVAL\examples\USART\IrDA_Tx&Rx\Transmit_Receive\EWARM\N32G45x\Obj\n32g45x_rcc.o
#        D:\linfuliang_work\pro\NS3601\SVN_tmp\SDK_Make\N32G45x\projects\n32g45x_EVAL\examples\USART\IrDA_Tx&Rx\Transmit_Receive\EWARM\N32G45x\Obj\n32g45x_tim.o
#        D:\linfuliang_work\pro\NS3601\SVN_tmp\SDK_Make\N32G45x\projects\n32g45x_EVAL\examples\USART\IrDA_Tx&Rx\Transmit_Receive\EWARM\N32G45x\Obj\n32g45x_usart.o
#        D:\linfuliang_work\pro\NS3601\SVN_tmp\SDK_Make\N32G45x\projects\n32g45x_EVAL\examples\USART\IrDA_Tx&Rx\Transmit_Receive\EWARM\N32G45x\Obj\startup_n32g45x_EWARM.o
#        D:\linfuliang_work\pro\NS3601\SVN_tmp\SDK_Make\N32G45x\projects\n32g45x_EVAL\examples\USART\IrDA_Tx&Rx\Transmit_Receive\EWARM\N32G45x\Obj\system_n32g45x.o
#        -o
#        D:\linfuliang_work\pro\NS3601\SVN_tmp\SDK_Make\N32G45x\projects\n32g45x_EVAL\examples\USART\IrDA_Tx&Rx\Transmit_Receive\EWARM\N32G45x\Exe\IrDA_Transmit_Receive.out
#        --map
#        D:\linfuliang_work\pro\NS3601\SVN_tmp\SDK_Make\N32G45x\projects\n32g45x_EVAL\examples\USART\IrDA_Tx&Rx\Transmit_Receive\EWARM\N32G45x\List\IrDA_Transmit_Receive.map
#        --config "C:\Program Files (x86)\IAR Systems\Embedded Workbench
#        7.5\arm\config\linker\Nations\N32G45x\N32G457xE.icf" --semihosting
#        --entry __iar_program_start --vfe
#
###############################################################################

*******************************************************************************
*** RUNTIME MODEL ATTRIBUTES
***

CppFlavor       = *
__SystemLibrary = DLib


*******************************************************************************
*** PLACEMENT SUMMARY
***

"A0":  place at 0x08000000 { ro section .intvec };
"P1":  place in [from 0x00000000 to 0x00000000] |
                [from 0x08000000 to 0x0807ffff] { ro };
"P3":  place in [from 0x00000000 to 0x00000000] |
                [from 0x20000000 to 0x20023fff] {
          rw, block CSTACK, block PROC_STACK, block HEAP };
initialize by copy { rw };

  Section            Kind        Address    Size  Object
  -------            ----        -------    ----  ------
"A0":                                      0x198
  .intvec            ro code  0x08000000   0x198  startup_n32g45x_EWARM.o [1]
                            - 0x08000198   0x198

"P1":                                     0x112c
  .text              ro code  0x08000198   0x314  n32g45x_gpio.o [1]
  .text              ro code  0x080004ac   0x228  n32g45x_tim.o [1]
  .text              ro code  0x080006d4   0x1f0  main.o [1]
  .text              ro code  0x080008c4    0x7c  misc.o [1]
  .text              ro code  0x08000940    0xc0  bsp_Tim_38K.o [1]
  .text              ro code  0x08000a00   0x1e4  n32g45x_usart.o [1]
  .text              ro code  0x08000be4   0x144  n32g45x_rcc.o [1]
  .text              ro code  0x08000d28   0x1e0  system_n32g45x.o [1]
  .text              ro code  0x08000f08    0x98  n32g45x_it.o [1]
  .text              ro code  0x08000fa0    0x40  zero_init3.o [5]
  .text              ro code  0x08000fe0    0x2c  copy_init3.o [5]
  .text              ro code  0x0800100c    0x28  data_init.o [5]
  .text              ro code  0x08001034    0x22  fpinit_M.o [4]
  .iar.init_table    const    0x08001058    0x24  - Linker created -
  .rodata            const    0x0800107c    0x20  n32g45x_rcc.o [1]
  .text              ro code  0x0800109c    0x1a  cmain.o [5]
  .text              ro code  0x080010b6     0x4  low_level_init.o [3]
  .text              ro code  0x080010ba     0x4  exit.o [3]
  .text              ro code  0x080010c0     0xa  cexit.o [5]
  .text              ro code  0x080010cc    0x14  exit.o [6]
  .rodata            const    0x080010e0    0x10  n32g45x_rcc.o [1]
  .rodata            const    0x080010f0    0x10  n32g45x_rcc.o [1]
  .text              ro code  0x08001100    0x10  startup_n32g45x_EWARM.o [1]
  .text              ro code  0x08001110     0xc  cstartup_M.o [5]
  .text              ro code  0x0800111c     0x4  startup_n32g45x_EWARM.o [1]
  .text              ro code  0x08001120     0x4  startup_n32g45x_EWARM.o [1]
  .text              ro code  0x08001124     0x4  startup_n32g45x_EWARM.o [1]
  .text              ro code  0x08001128     0x4  startup_n32g45x_EWARM.o [1]
  .text              ro code  0x0800112c     0x4  startup_n32g45x_EWARM.o [1]
  .text              ro code  0x08001130     0x4  startup_n32g45x_EWARM.o [1]
  .text              ro code  0x08001134     0x4  startup_n32g45x_EWARM.o [1]
  .text              ro code  0x08001138     0x4  startup_n32g45x_EWARM.o [1]
  .text              ro code  0x0800113c     0x4  startup_n32g45x_EWARM.o [1]
  .text              ro code  0x08001140     0x4  startup_n32g45x_EWARM.o [1]
  .text              ro code  0x08001144     0x4  startup_n32g45x_EWARM.o [1]
  .text              ro code  0x08001148     0x4  startup_n32g45x_EWARM.o [1]
  .text              ro code  0x0800114c     0x4  startup_n32g45x_EWARM.o [1]
  .text              ro code  0x08001150     0x4  startup_n32g45x_EWARM.o [1]
  .text              ro code  0x08001154     0x4  startup_n32g45x_EWARM.o [1]
  .text              ro code  0x08001158     0x4  startup_n32g45x_EWARM.o [1]
  .text              ro code  0x0800115c     0x4  startup_n32g45x_EWARM.o [1]
  .text              ro code  0x08001160     0x4  startup_n32g45x_EWARM.o [1]
  .text              ro code  0x08001164     0x4  startup_n32g45x_EWARM.o [1]
  .text              ro code  0x08001168     0x4  startup_n32g45x_EWARM.o [1]
  .text              ro code  0x0800116c     0x4  startup_n32g45x_EWARM.o [1]
  .text              ro code  0x08001170     0x4  startup_n32g45x_EWARM.o [1]
  .text              ro code  0x08001174     0x4  startup_n32g45x_EWARM.o [1]
  .text              ro code  0x08001178     0x4  startup_n32g45x_EWARM.o [1]
  .text              ro code  0x0800117c     0x4  startup_n32g45x_EWARM.o [1]
  .text              ro code  0x08001180     0x4  startup_n32g45x_EWARM.o [1]
  .text              ro code  0x08001184     0x4  startup_n32g45x_EWARM.o [1]
  .text              ro code  0x08001188     0x4  startup_n32g45x_EWARM.o [1]
  .text              ro code  0x0800118c     0x4  startup_n32g45x_EWARM.o [1]
  .text              ro code  0x08001190     0x4  startup_n32g45x_EWARM.o [1]
  .text              ro code  0x08001194     0x4  startup_n32g45x_EWARM.o [1]
  .text              ro code  0x08001198     0x4  startup_n32g45x_EWARM.o [1]
  .text              ro code  0x0800119c     0x4  startup_n32g45x_EWARM.o [1]
  .text              ro code  0x080011a0     0x4  startup_n32g45x_EWARM.o [1]
  .text              ro code  0x080011a4     0x4  startup_n32g45x_EWARM.o [1]
  .text              ro code  0x080011a8     0x4  startup_n32g45x_EWARM.o [1]
  .text              ro code  0x080011ac     0x4  startup_n32g45x_EWARM.o [1]
  .text              ro code  0x080011b0     0x4  startup_n32g45x_EWARM.o [1]
  .text              ro code  0x080011b4     0x4  startup_n32g45x_EWARM.o [1]
  .text              ro code  0x080011b8     0x4  startup_n32g45x_EWARM.o [1]
  .text              ro code  0x080011bc     0x4  startup_n32g45x_EWARM.o [1]
  .text              ro code  0x080011c0     0x4  startup_n32g45x_EWARM.o [1]
  .text              ro code  0x080011c4     0x4  startup_n32g45x_EWARM.o [1]
  .text              ro code  0x080011c8     0x4  startup_n32g45x_EWARM.o [1]
  .text              ro code  0x080011cc     0x4  startup_n32g45x_EWARM.o [1]
  .text              ro code  0x080011d0     0x4  startup_n32g45x_EWARM.o [1]
  .text              ro code  0x080011d4     0x4  startup_n32g45x_EWARM.o [1]
  .text              ro code  0x080011d8     0x4  startup_n32g45x_EWARM.o [1]
  .text              ro code  0x080011dc     0x4  startup_n32g45x_EWARM.o [1]
  .text              ro code  0x080011e0     0x4  startup_n32g45x_EWARM.o [1]
  .text              ro code  0x080011e4     0x4  startup_n32g45x_EWARM.o [1]
  .text              ro code  0x080011e8     0x4  startup_n32g45x_EWARM.o [1]
  .text              ro code  0x080011ec     0x4  startup_n32g45x_EWARM.o [1]
  .text              ro code  0x080011f0     0x4  startup_n32g45x_EWARM.o [1]
  .text              ro code  0x080011f4     0x4  startup_n32g45x_EWARM.o [1]
  .text              ro code  0x080011f8     0x4  startup_n32g45x_EWARM.o [1]
  .text              ro code  0x080011fc     0x4  startup_n32g45x_EWARM.o [1]
  .text              ro code  0x08001200     0x4  startup_n32g45x_EWARM.o [1]
  .text              ro code  0x08001204     0x4  startup_n32g45x_EWARM.o [1]
  .text              ro code  0x08001208     0x4  startup_n32g45x_EWARM.o [1]
  .text              ro code  0x0800120c     0x4  startup_n32g45x_EWARM.o [1]
  .text              ro code  0x08001210     0x4  startup_n32g45x_EWARM.o [1]
  .text              ro code  0x08001214     0x4  startup_n32g45x_EWARM.o [1]
  .text              ro code  0x08001218     0x4  startup_n32g45x_EWARM.o [1]
  .text              ro code  0x0800121c     0x4  startup_n32g45x_EWARM.o [1]
  .text              ro code  0x08001220     0x4  startup_n32g45x_EWARM.o [1]
  .text              ro code  0x08001224     0x4  startup_n32g45x_EWARM.o [1]
  .text              ro code  0x08001228     0x4  startup_n32g45x_EWARM.o [1]
  .text              ro code  0x0800122c     0x4  startup_n32g45x_EWARM.o [1]
  .text              ro code  0x08001230     0x4  startup_n32g45x_EWARM.o [1]
  .text              ro code  0x08001234     0x4  startup_n32g45x_EWARM.o [1]
  .text              ro code  0x08001238     0x4  startup_n32g45x_EWARM.o [1]
  .text              ro code  0x0800123c     0x4  startup_n32g45x_EWARM.o [1]
  .text              ro code  0x08001240     0x4  startup_n32g45x_EWARM.o [1]
  .text              ro code  0x08001244     0x4  startup_n32g45x_EWARM.o [1]
  .text              ro code  0x08001248     0x4  startup_n32g45x_EWARM.o [1]
  .text              ro code  0x0800124c     0x4  startup_n32g45x_EWARM.o [1]
  .text              ro code  0x08001250     0x4  startup_n32g45x_EWARM.o [1]
  .text              ro code  0x08001254     0x4  startup_n32g45x_EWARM.o [1]
  .text              ro code  0x08001258     0x4  startup_n32g45x_EWARM.o [1]
  .text              ro code  0x0800125c     0x4  startup_n32g45x_EWARM.o [1]
  .text              ro code  0x08001260     0x4  startup_n32g45x_EWARM.o [1]
  .text              ro code  0x08001264     0x4  startup_n32g45x_EWARM.o [1]
  .text              ro code  0x08001268     0x4  startup_n32g45x_EWARM.o [1]
  .text              ro code  0x0800126c     0x4  startup_n32g45x_EWARM.o [1]
  .rodata            const    0x08001270     0x0  zero_init3.o [5]
  .rodata            const    0x08001270     0x0  copy_init3.o [5]
  Initializer bytes  const    0x08001270    0x54  <for P3 s0>
                            - 0x080012c4  0x112c

"P3", part 1 of 3:                          0x54
  P3 s0                       0x20000000    0x54  <Init block>
    .data            inited   0x20000000    0x4c  main.o [1]
    .data            inited   0x2000004c     0x4  system_n32g45x.o [1]
    .data            inited   0x20000050     0x1  main.o [1]
                            - 0x20000054    0x54

"P3", part 2 of 3:                          0x60
  .bss               zero     0x20000054    0x4c  main.o [1]
  .bss               zero     0x200000a0    0x10  main.o [1]
  .bss               zero     0x200000b0     0x1  main.o [1]
  .bss               zero     0x200000b1     0x1  main.o [1]
  .bss               zero     0x200000b2     0x1  main.o [1]
                            - 0x200000b3    0x5f

"P3", part 3 of 3:                        0x1500
  CSTACK                      0x200000b8  0x1500  <Block>
    CSTACK           uninit   0x200000b8  0x1500  <Block tail>
                            - 0x200015b8  0x1500


*******************************************************************************
*** INIT TABLE
***

          Address     Size
          -------     ----
Zero (__iar_zero_init3)
    1 destination range, total size 0x5f:
          0x20000054  0x5f

Copy (__iar_copy_init3)
    1 source range, total size 0x54 (103% of destination):
          0x08001270  0x54
    1 destination range, total size 0x51:
          0x20000000  0x51



*******************************************************************************
*** MODULE SUMMARY
***

    Module                   ro code  ro data  rw data
    ------                   -------  -------  -------
D:\linfuliang_work\pro\NS3601\SVN_tmp\SDK_Make\N32G45x\projects\n32g45x_EVAL\examples\USART\IrDA_Tx&Rx\Transmit_Receive\EWARM\N32G45x\Obj: [1]
    bsp_Tim_38K.o                192
    main.o                       496       77      172
    misc.o                       124
    n32g45x_gpio.o               788
    n32g45x_it.o                 152
    n32g45x_rcc.o                324       64
    n32g45x_tim.o                552
    n32g45x_usart.o              484
    startup_n32g45x_EWARM.o      764
    system_n32g45x.o             480        4        4
    --------------------------------------------------
    Total:                     4 356      145      176

command line: [2]
    --------------------------------------------------
    Total:

dl7M_tlf.a: [3]
    exit.o                         4
    low_level_init.o               4
    --------------------------------------------------
    Total:                         8

m7M_tls.a: [4]
    fpinit_M.o                    34
    --------------------------------------------------
    Total:                        34

rt7M_tl.a: [5]
    cexit.o                       10
    cmain.o                       26
    copy_init3.o                  44
    cstartup_M.o                  12
    data_init.o                   40
    zero_init3.o                  64
    --------------------------------------------------
    Total:                       196

shb_l.a: [6]
    exit.o                        20
    --------------------------------------------------
    Total:                        20

    Gaps                           4        2
    Linker created                         39    5 376
------------------------------------------------------
    Grand Total:               4 618      186    5 552


*******************************************************************************
*** ENTRY LIST
***

Entry                      Address   Size  Type      Object
-----                      -------   ----  ----      ------
.iar.init_table$$Base   0x08001058          --   Gb  - Linker created -
.iar.init_table$$Limit  0x0800107c          --   Gb  - Linker created -
?main                   0x0800109d         Code  Gb  cmain.o [5]
ADVANCE_TIM_Configuration
                        0x08000997   0x4e  Code  Gb  bsp_Tim_38K.o [1]
ADVANCE_TIM_GPIO_Configuration
                        0x08000979   0x1e  Code  Gb  bsp_Tim_38K.o [1]
ADVANCE_TIM_Init        0x080009ed   0x14  Code  Gb  bsp_Tim_38K.o [1]
ADVANCE_TIM_NVIC_Configuration
                        0x08000957   0x22  Code  Gb  bsp_Tim_38K.o [1]
ADVANCE_TIM_RCC_Configuration
                        0x08000941   0x16  Code  Gb  bsp_Tim_38K.o [1]
Buffercmp               0x080008a1   0x24  Code  Gb  main.o [1]
BusFault_Handler        0x08000f0f    0x2  Code  Gb  n32g45x_it.o [1]
CSTACK$$Base            0x200000b8          --   Gb  - Linker created -
CSTACK$$Limit           0x200015b8          --   Gb  - Linker created -
DebugMon_Handler        0x08000f15    0x2  Code  Gb  n32g45x_it.o [1]
GPIO_ConfigPinRemap     0x08000281  0x216  Code  Gb  n32g45x_gpio.o [1]
GPIO_Configuration      0x08000819   0x5a  Code  Gb  main.o [1]
GPIO_InitPeripheral     0x08000199   0xc0  Code  Gb  n32g45x_gpio.o [1]
GPIO_ReadOutputDataBit  0x08000259   0x16  Code  Gb  n32g45x_gpio.o [1]
GPIO_WriteBit           0x0800026f   0x12  Code  Gb  n32g45x_gpio.o [1]
HardFault_Handler       0x08000f0b    0x2  Code  Gb  n32g45x_it.o [1]
MemManage_Handler       0x08000f0d    0x2  Code  Gb  n32g45x_it.o [1]
Memset                  0x080006d5   0x16  Code  Lc  main.o [1]
NMI_Handler             0x08000f09    0x2  Code  Gb  n32g45x_it.o [1]
NVIC_Configuration      0x080006eb   0x24  Code  Gb  main.o [1]
NVIC_Init               0x080008cf   0x5e  Code  Gb  misc.o [1]
NVIC_PriorityGroupConfig
                        0x080008c5    0xa  Code  Gb  misc.o [1]
NbrOfDataToRead1        0x20000050    0x1  Data  Gb  main.o [1]
RCC_Configuration       0x080007f9   0x20  Code  Gb  main.o [1]
RCC_EnableAPB1PeriphClk
                        0x08000ce1   0x20  Code  Gb  n32g45x_rcc.o [1]
RCC_EnableAPB2PeriphClk
                        0x08000cc1   0x20  Code  Gb  n32g45x_rcc.o [1]
RCC_GetClocksFreqValue  0x08000be5   0xdc  Code  Gb  n32g45x_rcc.o [1]
Region$$Table$$Base     0x08001058          --   Gb  - Linker created -
Region$$Table$$Limit    0x0800107c          --   Gb  - Linker created -
RxBuffer1               0x20000054   0x4c  Data  Gb  main.o [1]
RxCounter               0x200000b1    0x1  Data  Gb  main.o [1]
SVC_Handler             0x08000f13    0x2  Code  Gb  n32g45x_it.o [1]
SetSysClock             0x08000dc5   0xfe  Code  Lc  system_n32g45x.o [1]
SysTick_Handler         0x08000f17    0x2  Code  Gb  n32g45x_it.o [1]
SystemCoreClock         0x2000004c    0x4  Data  Gb  system_n32g45x.o [1]
SystemInit              0x08000d29   0x9c  Code  Gb  system_n32g45x.o [1]
TIM1_UP_IRQHandler      0x08000f19   0x2e  Code  Gb  n32g45x_it.o [1]
TIM_ClrIntPendingBit    0x080006c5    0xa  Code  Gb  n32g45x_tim.o [1]
TIM_ConfigInt           0x0800066f   0x18  Code  Gb  n32g45x_tim.o [1]
TIM_ConfigPrescaler     0x08000687    0x6  Code  Gb  n32g45x_tim.o [1]
TIM_Enable              0x08000655   0x1a  Code  Gb  n32g45x_tim.o [1]
TIM_GetIntStatus        0x080006a1   0x24  Code  Gb  n32g45x_tim.o [1]
TIM_InitTimBaseStruct   0x08000625   0x30  Code  Gb  n32g45x_tim.o [1]
TIM_InitTimeBase        0x080004ad  0x172  Code  Gb  n32g45x_tim.o [1]
TransferStatus          0x200000b2    0x1  Data  Gb  main.o [1]
TxBuffer1               0x20000000   0x4c  Data  Gb  main.o [1]
TxCounter               0x200000b0    0x1  Data  Gb  main.o [1]
USART2_IRQHandler       0x08000f47   0x40  Code  Gb  n32g45x_it.o [1]
USART_ConfigInt         0x08000ac5   0x52  Code  Gb  n32g45x_usart.o [1]
USART_ConfigIrDAMode    0x08000b39   0x12  Code  Gb  n32g45x_usart.o [1]
USART_Enable            0x08000aa9   0x1c  Code  Gb  n32g45x_usart.o [1]
USART_EnableIrDA        0x08000b4b   0x1c  Code  Gb  n32g45x_usart.o [1]
USART_GetFlagStatus     0x08000b67   0x1a  Code  Gb  n32g45x_usart.o [1]
USART_GetIntStatus      0x08000b81   0x64  Code  Gb  n32g45x_usart.o [1]
USART_Init              0x08000a01   0x9a  Code  Gb  n32g45x_usart.o [1]
USART_InitStructure     0x200000a0   0x10  Data  Gb  main.o [1]
USART_ReceiveData       0x08000b1f    0x8  Code  Gb  n32g45x_usart.o [1]
USART_SendData          0x08000b17    0x8  Code  Gb  n32g45x_usart.o [1]
USART_SetPrescaler      0x08000b27   0x12  Code  Gb  n32g45x_usart.o [1]
UsageFault_Handler      0x08000f11    0x2  Code  Gb  n32g45x_it.o [1]
__cmain                 0x0800109d         Code  Gb  cmain.o [5]
__exit                  0x080010cd   0x14  Code  Gb  exit.o [6]
__iar_copy_init3        0x08000fe1   0x2c  Code  Gb  copy_init3.o [5]
__iar_data_init3        0x0800100d   0x28  Code  Gb  data_init.o [5]
__iar_init_vfp          0x08001035         Code  Gb  fpinit_M.o [4]
__iar_program_start     0x08001111         Code  Gb  cstartup_M.o [5]
__iar_zero_init3        0x08000fa1   0x40  Code  Gb  zero_init3.o [5]
__low_level_init        0x080010b7    0x4  Code  Gb  low_level_init.o [3]
__vector_table          0x08000000         Data  Gb  startup_n32g45x_EWARM.o [1]
_call_main              0x080010a9         Code  Gb  cmain.o [5]
_exit                   0x080010c1         Code  Gb  cexit.o [5]
_main                   0x080010b3         Code  Gb  cmain.o [5]
exit                    0x080010bb    0x4  Code  Gb  exit.o [3]
main                    0x0800070f   0xea  Code  Gb  main.o [1]
s_AdcHclkPresTable      0x080010f0   0x10  Data  Lc  n32g45x_rcc.o [1]
s_AdcPllClkPresTable    0x0800107c   0x20  Data  Lc  n32g45x_rcc.o [1]
s_ApbAhbPresTable       0x080010e0   0x10  Data  Lc  n32g45x_rcc.o [1]


[1] = D:\linfuliang_work\pro\NS3601\SVN_tmp\SDK_Make\N32G45x\projects\n32g45x_EVAL\examples\USART\IrDA_Tx&Rx\Transmit_Receive\EWARM\N32G45x\Obj
[2] = command line
[3] = dl7M_tlf.a
[4] = m7M_tls.a
[5] = rt7M_tl.a
[6] = shb_l.a

  4 618 bytes of readonly  code memory
    186 bytes of readonly  data memory
  5 552 bytes of readwrite data memory

Errors: none
Warnings: none
